// Jest Snapshot v1, https://goo.gl/fbAQLP

exports[`InputTimeExtended should render input time correctly 1`] = `
<div
  id="time"
  style="display: flex; flex-direction: column; box-sizing: border-box; flex: 0 0 auto;"
>
  <div
    class="ac-input-container"
    style="display: flex;"
  >
    <div
      id="__ac-0f14327c-c374-4de5-b1ec-9ede76f33334"
      style="width: 100%; min-width: 0px;"
    >
      <div
        class="ms-TextField root-41"
      >
        <div
          class="ms-TextField-wrapper"
        >
          <div
            class="ms-TextField-fieldGroup fieldGroup-42"
          >
            <input
              aria-invalid="false"
              class="ms-TextField-field field-43"
              id="time"
              max="17:00"
              min="09:00"
              placeholder="undefined"
              type="time"
              value="15:30"
            />
          </div>
        </div>
      </div>
    </div>
  </div>
</div>
`;
